{"level":"info","ts":"2023-06-26T21:05:11+08:00","caller":"examples/main.go:55","msg":"Info msg","val":"string"}
{"level":"warn","ts":"2023-06-26T21:05:11+08:00","caller":"examples/main.go:56","msg":"Warn msg","val":7}
{"level":"fatal","ts":"2023-06-26T21:05:11+08:00","caller":"examples/main.go:57","msg":"Fatal msg","val":"2023-06-26T21:05:11+08:00"}
